========================================
Task 32: EX_3 snap_072 on c312-041.ls6.tacc.utexas.edu
Started: Mon Aug 24 08:06:47 CDT 2026
========================================
[1/3] generate: data/IllustrisTNG/EX/EX_3/snap_072.hdf5  (lines: lya)
[generate] started 2026-08-24 08:06:48
======================================================================
GENERATING SPECTRA FROM SIMULATION SNAPSHOT
======================================================================
Snapshot:    data/IllustrisTNG/EX/EX_3/snap_072.hdf5
Snap number: 72
Sightlines:  10000
Resolution:  0.1 km/s/pixel
Random seed: 42
Lines:		Lyman-alpha (H1 1215Å)  

[1/5] Loading snapshot metadata...
Redshift:      z = 0.537
Box size:      24.23 Mpc/h
Gas particles: 12,925,098

[2/5] Setting up sightlines...
Loading sightlines from: output/sightlines/analysis_sightlines_2025-01-28.hdf5
Loaded 10000 sightlines
  Positions range: [0.3, 24998.1] ckpc/h
  Axes: x=3238, y=3440, z=3322

[3/5] Initializing fake_spectra (applying Python 3.13 bugfixes)...
Applied fake_spectra bugfixes for Python 3.13 compatibility
Output will be saved to: /tmp/camel_lya_spectra_snap_072_n10000.hdf5

[4/5] Initializing spectra object...
Reloading from snapshot (will save to:  /tmp/camel_lya_spectra_snap_072_n10000.hdf5  )
10000  sightlines. resolution:  0.10000021207361794  z= 0.5372601453713048
Loaded snapshot 72
Initialized 10000 sightlines
Velocity range: 2175.70 km/s
Resolution: 0.1000 km/s/pixel

[5/5] Computing optical depths...
[1/1] Lyman-alpha (H 1 1215Å)... OK (110.3s, tau=(10000, 21757), colden=(10000, 21757))
  Total computation time: 110.3s

Computing temperature and density in 5 chunks of ~2000 sightlines...
  Total sightlines: 10000
  Chunk size: 2000

  Chunk 1/5: sightlines 0-1999 (2000 sightlines)
    Computing temperature... OK (shape: (2000, 21757))
    Computing density-weighted density... OK (shape: (2000, 21757))

  Chunk 2/5: sightlines 2000-3999 (2000 sightlines)
    Computing temperature... OK (shape: (2000, 21757))
    Computing density-weighted density... OK (shape: (2000, 21757))

  Chunk 3/5: sightlines 4000-5999 (2000 sightlines)
    Computing temperature... OK (shape: (2000, 21757))
    Computing density-weighted density... OK (shape: (2000, 21757))

  Chunk 4/5: sightlines 6000-7999 (2000 sightlines)
    Computing temperature... OK (shape: (2000, 21757))
    Computing density-weighted density... OK (shape: (2000, 21757))

  Chunk 5/5: sightlines 8000-9999 (2000 sightlines)
    Computing temperature... OK (shape: (2000, 21757))
    Computing density-weighted density... OK (shape: (2000, 21757))

  Concatenating 5 chunks...
    Temperature shape: (10000, 21757)
    Density shape: (10000, 21757)
  ✓ Temperature and density computation complete

Saving to HDF5...
Saved to: /tmp/camel_lya_spectra_snap_072_n10000.hdf5
Added velocity spacing to header: vmax=2175.70 km/s, dvbin=0.1000 km/s/pixel
Saved sightlines to /Sightlines/ group in spectra file

======================================================================
Spectra saved to:
  /tmp/camel_lya_spectra_snap_072_n10000.hdf5
======================================================================
[generate] finished in 00:04:04  (status 0)
TIMING job=3385640 task=32 sim=EX_3 snap=072 step=generate status=0 seconds=244 elapsed=00:04:04
[2/3] analyze: spectra/IllustrisTNG/EX/EX_3/camel_lya_spectra_snap_072_n10000.hdf5
[analyze] started 2026-08-24 08:10:52
======================================================================
ANALYZING LYMAN-ALPHA SPECTRA
======================================================================
Input file: spectra/IllustrisTNG/EX/EX_3/camel_lya_spectra_snap_072_n10000.hdf5
Workers: 1

[1/5] Loading spectra data...
Auto-detected: Lyman-alpha (H I 1215Å)
  Loaded column density data from colden/H/1
  Using fake_spectra's pre-computed column densities for accuracy
Sightlines: 10000
Pixels: 21757
Redshift: z = 0.537

======================================================================
COMPREHENSIVE ANALYSIS
======================================================================

[1/8] Computing basic flux statistics...
Statistics:
========================================
Mean flux:              0.9434
Median flux:            0.9957
Std dev:                0.1549

Effective tau_eff:        0.0583
Mean tau:                 1120.5127
Median tau:               0.0043

Deep absorption:        1.11%
Moderate absorption:    2.17%
Weak absorption:        96.72%

[2/8] Computing effective optical depth tau_eff...
tau_eff = 0.0583 ± 0.0019
  (per-sightline scatter sigma = 0.1934; the +/- above is sigma/sqrt(N), internal only -- no cosmic variance)
Mean transmitted flux <F> = 0.9434 ± 0.0006

[2b/8] Computing flux and optical-depth PDFs...
Flux PDF: 50 bins on [0, 1]
log10(tau) PDF: 60 bins on [-3, 2]; 0.168% of pixels above the grid, 0.000% at tau = 0

[2c/8] No total-H tau in file (regenerate with --line lya,lya_h for the H vs HI contrast)
Using velocity spacing from header: 0.1000 km/s/pixel

[3/8] Computing flux power spectrum P_F(k)...
Computed power spectrum with 10879 k-modes
k range: 0.0029 to 31.41 s/km
Mean flux used: 0.9434

[4/8] Computing column density distribution f(N_HI) using simple method...
Absorbers: fixed 50 km/s cells (fake_spectra line=False); N per absorber: summed pixel colden
Identified 430000 absorbers
Absorption path length: X = 0.019707 (absorption distance, dimensionless)
Power law index β = 2.15

[4b/8] Computing line width distribution b(N_HI)...
Identified 16368 absorbers with b-parameters
Median b-parameter: 78.9 km/s
Mean b-parameter: 61.7 ± 22.2 km/s
Implied temperature: 48758 × 10³ K

[4e/8] Mean-flux rescaling to observed tau_eff...
Skipped: z = 0.5372601453713048 is outside the Kim+07 validity range (1.7 < z < 4). Extrapolating that power law is not meaningful; the low-z reference (HST/COS, Danforth+2016) is not implemented yet.

[4c/8] Checking for temperature-density data...
Found temperature and density data - using chunked processing...
Processing T-ρ data: 10,000 sightlines × 21,757 pixels
Using chunk size: 1000
  Processing chunk 1/10 (0-1,000)
  Processing chunk 2/10 (1,000-2,000)
  Processing chunk 3/10 (2,000-3,000)
  Processing chunk 4/10 (3,000-4,000)
  Processing chunk 5/10 (4,000-5,000)
  Processing chunk 6/10 (5,000-6,000)
  Processing chunk 7/10 (6,000-7,000)
  Processing chunk 8/10 (7,000-8,000)
  Processing chunk 9/10 (8,000-9,000)
  Processing chunk 10/10 (9,000-10,000)
  Total valid pixels: 28,071,812
  Valid pixels: 28,071,812
  T_0 (at mean density): 15266 K
  gamma (polytropic index): 1.063

[4d/8] Checking for multi-line data...
Only single line available - skipping multi-line analysis

[5/8] Setting up plots...

[6/8] Creating comprehensive analysis plots...
  Saved: /work/11170/roy/CGM/plots/IllustrisTNG/EX/EX_3/camel_sample_spectra_snap_072.png
[a] Sample spectra: /work/11170/roy/CGM/plots/IllustrisTNG/EX/EX_3/camel_sample_spectra_snap_072.png
  Saved: /work/11170/roy/CGM/plots/IllustrisTNG/EX/EX_3/camel_power_spectrum_snap_072.png
[b] Power spectrum: /work/11170/roy/CGM/plots/IllustrisTNG/EX/EX_3/camel_power_spectrum_snap_072.png
  Saved: /work/11170/roy/CGM/plots/IllustrisTNG/EX/EX_3/camel_cddf_snap_072.png
[c] CDDF: /work/11170/roy/CGM/plots/IllustrisTNG/EX/EX_3/camel_cddf_snap_072.png
  Saved: /work/11170/roy/CGM/plots/IllustrisTNG/EX/EX_3/camel_line_widths_snap_072.png
[d] Line widths: /work/11170/roy/CGM/plots/IllustrisTNG/EX/EX_3/camel_line_widths_snap_072.png
  Saved: /work/11170/roy/CGM/plots/IllustrisTNG/EX/EX_3/camel_temp_density_snap_072.png
[e] T-ρ relation: /work/11170/roy/CGM/plots/IllustrisTNG/EX/EX_3/camel_temp_density_snap_072.png

[7/8] Creating detailed statistics plots...
  [d] Statistics: /work/11170/roy/CGM/plots/IllustrisTNG/EX/EX_3/camel_statistics_snap_072.png

[8] Creating diagnostic plots from snapshot
----------------------------------------------------------------------
Found snapshot: /work/11170/roy/CGM/data/IllustrisTNG/EX/EX_3/snap_072.hdf5
Warning: Could not create diagnostic plots: name 'plot_snapshot_diagnostic' is not defined

[9/8] Exporting analysis results...
Saved 7 CSV data files to: /work/11170/roy/CGM/output/analysis/IllustrisTNG/EX/EX_3/snap-072
Exported analysis data to: /work/11170/roy/CGM/output/analysis/IllustrisTNG/EX/EX_3/snap-072

======================================================================
COMPREHENSIVE ANALYSIS COMPLETE
======================================================================

Key Results:
Mean flux <F>:           0.9434 ± 0.0006
Effective tau tau_eff:     0.0583 ± 0.0019
Number of absorbers:     430000
CDDF power law β:        2.15
Mean b-parameter:        61.7 ± 22.2 km/s
Implied temperature:     48758 × 10³ K
T_0 (at mean density):    15266 K
gamma (polytropic index):    1.063

Plots saved to: /work/11170/roy/CGM/plots
- Sample spectra
- Flux power spectrum P_F(k)
- Column density distribution f(N_HI)
- Line width distribution b(N_HI)
- Temperature-density relation T(ρ)
- Detailed statistics

Data exported to: /work/11170/roy/CGM/output/analysis/IllustrisTNG/EX/EX_3/snap-072
- power_spectrum.csv
- cddf.csv
- flux_stats.csv
- flux_pdf.csv
- tau_pdf.csv
- line_widths.csv
- temp_density.csv
======================================================================
[analyze] finished in 00:01:28  (status 0)
TIMING job=3385640 task=32 sim=EX_3 snap=072 step=analyze status=0 seconds=88 elapsed=00:01:28
[3/3] explore: output/explore/IllustrisTNG/EX/EX_3/snap_072.txt
[explore] started 2026-08-24 08:12:20
[explore] finished in 00:00:03  (status 0)
TIMING job=3385640 task=32 sim=EX_3 snap=072 step=explore status=0 seconds=3 elapsed=00:00:03
[total] 00:05:37
TIMING job=3385640 task=32 sim=EX_3 snap=072 step=total status=0 seconds=337 elapsed=00:05:37
========================================
EX_3 snap_072 done: Mon Aug 24 08:12:24 CDT 2026
========================================
