========================================
Task 5: 1P_p1_2 snap_024 on c311-093.ls6.tacc.utexas.edu
Started: Mon Aug  3 21:14:44 CDT 2026
========================================
analyze: spectra/IllustrisTNG/1P/1P_p1_2/camel_lya_spectra_snap_024_n10000.hdf5
[analyze] started 2026-08-03 21:14:45
======================================================================
ANALYZING LYMAN-ALPHA SPECTRA
======================================================================
Input file: spectra/IllustrisTNG/1P/1P_p1_2/camel_lya_spectra_snap_024_n10000.hdf5
Workers: 1

[1/5] Loading spectra data...
Auto-detected: Lyman-alpha (H I 1215Å)
  Loaded column density data from colden/H/1
  Using fake_spectra's pre-computed column densities for accuracy
Sightlines: 10000
Pixels: 39671
Redshift: z = 3.996

======================================================================
COMPREHENSIVE ANALYSIS
======================================================================

[1/8] Computing basic flux statistics...
Statistics:
========================================
Mean flux:              0.3254
Median flux:            0.2900
Std dev:                0.2875

Effective tau_eff:        1.1226
Mean tau:                 4084.6076
Median tau:               1.2378

Deep absorption:        34.82%
Moderate absorption:    32.73%
Weak absorption:        32.45%

[2/8] Computing effective optical depth tau_eff...
tau_eff = 1.1226 ± 0.0030
  (per-sightline scatter sigma = 0.2960; the +/- above is sigma/sqrt(N), internal only -- no cosmic variance)
Mean transmitted flux <F> = 0.3254 ± 0.0007

[2b/8] Computing flux and optical-depth PDFs...
Flux PDF: 50 bins on [0, 1]
log10(tau) PDF: 60 bins on [-3, 2]; 2.167% of pixels above the grid, 0.000% at tau = 0

[2c/8] No total-H tau in file (regenerate with --line lya,lya_h for the H vs HI contrast)
Using velocity spacing from header: 0.1000 km/s/pixel

[3/8] Computing flux power spectrum P_F(k)...
Computed power spectrum with 19836 k-modes
k range: 0.0016 to 31.42 s/km
Mean flux used: 0.3254

[4/8] Computing column density distribution f(N_HI) using simple method...
Absorbers: fixed 50 km/s cells (fake_spectra line=False); N per absorber: summed pixel colden
Identified 790000 absorbers
Absorption path length: X = 0.208152 (absorption distance, dimensionless)
Power law index β = 1.53

[4b/8] Computing line width distribution b(N_HI)...
Identified 484742 absorbers with b-parameters
Median b-parameter: 80.0 km/s
Mean b-parameter: 79.4 ± 6.2 km/s
Implied temperature: 80619 × 10³ K

[4e/8] Mean-flux rescaling to observed tau_eff...
Kim+07 target: tau_eff = 0.8161, <F> = 0.4422
tau scale factor A = 0.5762  (<1 means the simulation is too opaque)
Rescaled power spectrum computed

[4c/8] Checking for temperature-density data...
Found temperature and density data - using chunked processing...
Processing T-ρ data: 10,000 sightlines × 39,671 pixels
Using chunk size: 1000
  Processing chunk 1/10 (0-1,000)
  Processing chunk 2/10 (1,000-2,000)
  Processing chunk 3/10 (2,000-3,000)
  Processing chunk 4/10 (3,000-4,000)
  Processing chunk 5/10 (4,000-5,000)
  Processing chunk 6/10 (5,000-6,000)
  Processing chunk 7/10 (6,000-7,000)
  Processing chunk 8/10 (7,000-8,000)
  Processing chunk 9/10 (8,000-9,000)
  Processing chunk 10/10 (9,000-10,000)
  Total valid pixels: 394,731,098
  Valid pixels: 394,731,098
  T_0 (at mean density): 10382 K
  gamma (polytropic index): 1.072

[4d/8] Checking for multi-line data...
Only single line available - skipping multi-line analysis

[5/8] Setting up plots...

[6/8] Creating comprehensive analysis plots...
  Saved: /work/11170/roy/CGM/plots/IllustrisTNG/1P/1P_p1_2/camel_sample_spectra_snap_024.png
[a] Sample spectra: /work/11170/roy/CGM/plots/IllustrisTNG/1P/1P_p1_2/camel_sample_spectra_snap_024.png
  Saved: /work/11170/roy/CGM/plots/IllustrisTNG/1P/1P_p1_2/camel_power_spectrum_snap_024.png
[b] Power spectrum: /work/11170/roy/CGM/plots/IllustrisTNG/1P/1P_p1_2/camel_power_spectrum_snap_024.png
  Saved: /work/11170/roy/CGM/plots/IllustrisTNG/1P/1P_p1_2/camel_cddf_snap_024.png
[c] CDDF: /work/11170/roy/CGM/plots/IllustrisTNG/1P/1P_p1_2/camel_cddf_snap_024.png
  Saved: /work/11170/roy/CGM/plots/IllustrisTNG/1P/1P_p1_2/camel_line_widths_snap_024.png
[d] Line widths: /work/11170/roy/CGM/plots/IllustrisTNG/1P/1P_p1_2/camel_line_widths_snap_024.png
  Saved: /work/11170/roy/CGM/plots/IllustrisTNG/1P/1P_p1_2/camel_temp_density_snap_024.png
[e] T-ρ relation: /work/11170/roy/CGM/plots/IllustrisTNG/1P/1P_p1_2/camel_temp_density_snap_024.png

[7/8] Creating detailed statistics plots...
  [d] Statistics: /work/11170/roy/CGM/plots/IllustrisTNG/1P/1P_p1_2/camel_statistics_snap_024.png

[8] Creating diagnostic plots from snapshot
----------------------------------------------------------------------
Snapshot file not found (tried snap_024.hdf5)
Skipping diagnostic plots

[9/8] Exporting analysis results...
Saved 8 CSV data files to: /work/11170/roy/CGM/output/analysis/IllustrisTNG/1P/1P_p1_2/snap-024
Exported analysis data to: /work/11170/roy/CGM/output/analysis/IllustrisTNG/1P/1P_p1_2/snap-024

======================================================================
COMPREHENSIVE ANALYSIS COMPLETE
======================================================================

Key Results:
Mean flux <F>:           0.3254 ± 0.0007
Effective tau tau_eff:     1.1226 ± 0.0030
tau scale factor A:      0.5762 (to Kim+07 tau_eff = 0.8161)
Number of absorbers:     790000
CDDF power law β:        1.53
Mean b-parameter:        79.4 ± 6.2 km/s
Implied temperature:     80619 × 10³ K
T_0 (at mean density):    10382 K
gamma (polytropic index):    1.072

Plots saved to: /work/11170/roy/CGM/plots
- Sample spectra
- Flux power spectrum P_F(k)
- Column density distribution f(N_HI)
- Line width distribution b(N_HI)
- Temperature-density relation T(ρ)
- Detailed statistics

Data exported to: /work/11170/roy/CGM/output/analysis/IllustrisTNG/1P/1P_p1_2/snap-024
- power_spectrum.csv
- cddf.csv
- flux_stats.csv
- flux_pdf.csv
- tau_pdf.csv
- flux_pdf_rescaled.csv
- line_widths.csv
- temp_density.csv
======================================================================
[analyze] finished in 00:24:51  (status 0)
TIMING job=3337492 task=5 sim=1P_p1_2 snap=024 step=analyze status=0 seconds=1491 elapsed=00:24:51
[total] 00:24:52
TIMING job=3337492 task=5 sim=1P_p1_2 snap=024 step=total status=0 seconds=1492 elapsed=00:24:52
========================================
1P_p1_2 snap_024 done: Mon Aug  3 21:39:36 CDT 2026
========================================
