========================================
Task 2: 1P_p1_n1 snap_024 on c312-121.ls6.tacc.utexas.edu
Started: Mon Aug  3 20:48:07 CDT 2026
========================================
analyze: spectra/IllustrisTNG/1P/1P_p1_n1/camel_lya_spectra_snap_024_n10000.hdf5
[analyze] started 2026-08-03 20:48:08
======================================================================
ANALYZING LYMAN-ALPHA SPECTRA
======================================================================
Input file: spectra/IllustrisTNG/1P/1P_p1_n1/camel_lya_spectra_snap_024_n10000.hdf5
Workers: 1

[1/5] Loading spectra data...
Auto-detected: Lyman-alpha (H I 1215Å)
  Loaded column density data from colden/H/1
  Using fake_spectra's pre-computed column densities for accuracy
Sightlines: 10000
Pixels: 25387
Redshift: z = 3.996

======================================================================
COMPREHENSIVE ANALYSIS
======================================================================

[1/8] Computing basic flux statistics...
Statistics:
========================================
Mean flux:              0.1488
Median flux:            0.0596
Std dev:                0.1855

Effective tau_eff:        1.9049
Mean tau:                 2040.8309
Median tau:               2.8208

Deep absorption:        56.98%
Moderate absorption:    35.94%
Weak absorption:        7.08%

[2/8] Computing effective optical depth tau_eff...
tau_eff = 1.9049 ± 0.0037
  (per-sightline scatter sigma = 0.3714; the +/- above is sigma/sqrt(N), internal only -- no cosmic variance)
Mean transmitted flux <F> = 0.1488 ± 0.0005

[2b/8] Computing flux and optical-depth PDFs...
Flux PDF: 50 bins on [0, 1]
log10(tau) PDF: 60 bins on [-3, 2]; 2.163% of pixels above the grid, 0.000% at tau = 0

[2c/8] No total-H tau in file (regenerate with --line lya,lya_h for the H vs HI contrast)
Using velocity spacing from header: 0.1000 km/s/pixel

[3/8] Computing flux power spectrum P_F(k)...
Computed power spectrum with 12694 k-modes
k range: 0.0025 to 31.41 s/km
Mean flux used: 0.1488

[4/8] Computing column density distribution f(N_HI) using simple method...
Absorbers: fixed 50 km/s cells (fake_spectra line=False); N per absorber: summed pixel colden
Identified 500000 absorbers
Absorption path length: X = 0.208152 (absorption distance, dimensionless)
Power law index β = 1.03

[4b/8] Computing line width distribution b(N_HI)...
Identified 303695 absorbers with b-parameters
Median b-parameter: 80.0 km/s
Mean b-parameter: 80.0 ± 0.8 km/s
Implied temperature: 81894 × 10³ K

[4e/8] Mean-flux rescaling to observed tau_eff...
Kim+07 target: tau_eff = 0.8161, <F> = 0.4422
tau scale factor A = 0.2574  (<1 means the simulation is too opaque)
Rescaled power spectrum computed

[4c/8] Checking for temperature-density data...
Found temperature and density data - using chunked processing...
Processing T-ρ data: 10,000 sightlines × 25,387 pixels
Using chunk size: 1000
  Processing chunk 1/10 (0-1,000)
  Processing chunk 2/10 (1,000-2,000)
  Processing chunk 3/10 (2,000-3,000)
  Processing chunk 4/10 (3,000-4,000)
  Processing chunk 5/10 (4,000-5,000)
  Processing chunk 6/10 (5,000-6,000)
  Processing chunk 7/10 (6,000-7,000)
  Processing chunk 8/10 (7,000-8,000)
  Processing chunk 9/10 (8,000-9,000)
  Processing chunk 10/10 (9,000-10,000)
  Total valid pixels: 253,866,468
  Valid pixels: 253,866,468
  T_0 (at mean density): 12725 K
  gamma (polytropic index): 1.028

[4d/8] Checking for multi-line data...
Only single line available - skipping multi-line analysis

[5/8] Setting up plots...

[6/8] Creating comprehensive analysis plots...
  Saved: /work/11170/roy/CGM/plots/IllustrisTNG/1P/1P_p1_n1/camel_sample_spectra_snap_024.png
[a] Sample spectra: /work/11170/roy/CGM/plots/IllustrisTNG/1P/1P_p1_n1/camel_sample_spectra_snap_024.png
  Saved: /work/11170/roy/CGM/plots/IllustrisTNG/1P/1P_p1_n1/camel_power_spectrum_snap_024.png
[b] Power spectrum: /work/11170/roy/CGM/plots/IllustrisTNG/1P/1P_p1_n1/camel_power_spectrum_snap_024.png
  Saved: /work/11170/roy/CGM/plots/IllustrisTNG/1P/1P_p1_n1/camel_cddf_snap_024.png
[c] CDDF: /work/11170/roy/CGM/plots/IllustrisTNG/1P/1P_p1_n1/camel_cddf_snap_024.png
  Saved: /work/11170/roy/CGM/plots/IllustrisTNG/1P/1P_p1_n1/camel_line_widths_snap_024.png
[d] Line widths: /work/11170/roy/CGM/plots/IllustrisTNG/1P/1P_p1_n1/camel_line_widths_snap_024.png
  Saved: /work/11170/roy/CGM/plots/IllustrisTNG/1P/1P_p1_n1/camel_temp_density_snap_024.png
[e] T-ρ relation: /work/11170/roy/CGM/plots/IllustrisTNG/1P/1P_p1_n1/camel_temp_density_snap_024.png

[7/8] Creating detailed statistics plots...
  [d] Statistics: /work/11170/roy/CGM/plots/IllustrisTNG/1P/1P_p1_n1/camel_statistics_snap_024.png

[8] Creating diagnostic plots from snapshot
----------------------------------------------------------------------
Snapshot file not found (tried snap_024.hdf5)
Skipping diagnostic plots

[9/8] Exporting analysis results...
Saved 8 CSV data files to: /work/11170/roy/CGM/output/analysis/IllustrisTNG/1P/1P_p1_n1/snap-024
Exported analysis data to: /work/11170/roy/CGM/output/analysis/IllustrisTNG/1P/1P_p1_n1/snap-024

======================================================================
COMPREHENSIVE ANALYSIS COMPLETE
======================================================================

Key Results:
Mean flux <F>:           0.1488 ± 0.0005
Effective tau tau_eff:     1.9049 ± 0.0037
tau scale factor A:      0.2574 (to Kim+07 tau_eff = 0.8161)
Number of absorbers:     500000
CDDF power law β:        1.03
Mean b-parameter:        80.0 ± 0.8 km/s
Implied temperature:     81894 × 10³ K
T_0 (at mean density):    12725 K
gamma (polytropic index):    1.028

Plots saved to: /work/11170/roy/CGM/plots
- Sample spectra
- Flux power spectrum P_F(k)
- Column density distribution f(N_HI)
- Line width distribution b(N_HI)
- Temperature-density relation T(ρ)
- Detailed statistics

Data exported to: /work/11170/roy/CGM/output/analysis/IllustrisTNG/1P/1P_p1_n1/snap-024
- power_spectrum.csv
- cddf.csv
- flux_stats.csv
- flux_pdf.csv
- tau_pdf.csv
- flux_pdf_rescaled.csv
- line_widths.csv
- temp_density.csv
======================================================================
[analyze] finished in 00:31:52  (status 0)
TIMING job=3337469 task=2 sim=1P_p1_n1 snap=024 step=analyze status=0 seconds=1912 elapsed=00:31:52
[total] 00:31:53
TIMING job=3337469 task=2 sim=1P_p1_n1 snap=024 step=total status=0 seconds=1913 elapsed=00:31:53
========================================
1P_p1_n1 snap_024 done: Mon Aug  3 21:20:00 CDT 2026
========================================
