========================================
Task 37: 1P_p2_n1 snap_080 on c302-022.ls6.tacc.utexas.edu
Started: Mon Aug  3 21:24:41 CDT 2026
========================================
analyze: spectra/IllustrisTNG/1P/1P_p2_n1/camel_lya_spectra_snap_080_n10000.hdf5
[analyze] started 2026-08-03 21:24:41
======================================================================
ANALYZING LYMAN-ALPHA SPECTRA
======================================================================
Input file: spectra/IllustrisTNG/1P/1P_p2_n1/camel_lya_spectra_snap_080_n10000.hdf5
Workers: 1

[1/5] Loading spectra data...
Auto-detected: Lyman-alpha (H I 1215Å)
  Loaded column density data from colden/H/1
  Using fake_spectra's pre-computed column densities for accuracy
Sightlines: 10000
Pixels: 22571
Redshift: z = 0.270

======================================================================
COMPREHENSIVE ANALYSIS
======================================================================

[1/8] Computing basic flux statistics...
Statistics:
========================================
Mean flux:              0.9454
Median flux:            0.9943
Std dev:                0.1492

Effective tau_eff:        0.0561
Mean tau:                 309.6411
Median tau:               0.0058

Deep absorption:        0.95%
Moderate absorption:    2.16%
Weak absorption:        96.90%

[2/8] Computing effective optical depth tau_eff...
tau_eff = 0.0561 ± 0.0008
  (per-sightline scatter sigma = 0.0817; the +/- above is sigma/sqrt(N), internal only -- no cosmic variance)
Mean transmitted flux <F> = 0.9454 ± 0.0005

[2b/8] Computing flux and optical-depth PDFs...
Flux PDF: 50 bins on [0, 1]
log10(tau) PDF: 60 bins on [-3, 2]; 0.075% of pixels above the grid, 0.000% at tau = 0

[2c/8] No total-H tau in file (regenerate with --line lya,lya_h for the H vs HI contrast)
Using velocity spacing from header: 0.1000 km/s/pixel

[3/8] Computing flux power spectrum P_F(k)...
Computed power spectrum with 11286 k-modes
k range: 0.0028 to 31.41 s/km
Mean flux used: 0.9454

[4/8] Computing column density distribution f(N_HI) using simple method...
Absorbers: fixed 50 km/s cells (fake_spectra line=False); N per absorber: summed pixel colden
Identified 450000 absorbers
Absorption path length: X = 0.013441 (absorption distance, dimensionless)
Power law index β = 2.10

[4b/8] Computing line width distribution b(N_HI)...
Identified 16248 absorbers with b-parameters
Median b-parameter: 78.7 km/s
Mean b-parameter: 61.5 ± 22.1 km/s
Implied temperature: 48415 × 10³ K

[4e/8] Mean-flux rescaling to observed tau_eff...
Skipped: z = 0.2695879598716575 is outside the Kim+07 validity range (1.7 < z < 4). Extrapolating that power law is not meaningful; the low-z reference (HST/COS, Danforth+2016) is not implemented yet.

[4c/8] Checking for temperature-density data...
Found temperature and density data - using chunked processing...
Processing T-ρ data: 10,000 sightlines × 22,571 pixels
Using chunk size: 1000
  Processing chunk 1/10 (0-1,000)
  Processing chunk 2/10 (1,000-2,000)
  Processing chunk 3/10 (2,000-3,000)
  Processing chunk 4/10 (3,000-4,000)
  Processing chunk 5/10 (4,000-5,000)
  Processing chunk 6/10 (5,000-6,000)
  Processing chunk 7/10 (6,000-7,000)
  Processing chunk 8/10 (7,000-8,000)
  Processing chunk 9/10 (8,000-9,000)
  Processing chunk 10/10 (9,000-10,000)
  Total valid pixels: 27,412,969
  Valid pixels: 27,412,969
  T_0 (at mean density): 12370 K
  gamma (polytropic index): 1.174

[4d/8] Checking for multi-line data...
Only single line available - skipping multi-line analysis

[5/8] Setting up plots...

[6/8] Creating comprehensive analysis plots...
  Saved: /work/11170/roy/CGM/plots/IllustrisTNG/1P/1P_p2_n1/camel_sample_spectra_snap_080.png
[a] Sample spectra: /work/11170/roy/CGM/plots/IllustrisTNG/1P/1P_p2_n1/camel_sample_spectra_snap_080.png
  Saved: /work/11170/roy/CGM/plots/IllustrisTNG/1P/1P_p2_n1/camel_power_spectrum_snap_080.png
[b] Power spectrum: /work/11170/roy/CGM/plots/IllustrisTNG/1P/1P_p2_n1/camel_power_spectrum_snap_080.png
  Saved: /work/11170/roy/CGM/plots/IllustrisTNG/1P/1P_p2_n1/camel_cddf_snap_080.png
[c] CDDF: /work/11170/roy/CGM/plots/IllustrisTNG/1P/1P_p2_n1/camel_cddf_snap_080.png
  Saved: /work/11170/roy/CGM/plots/IllustrisTNG/1P/1P_p2_n1/camel_line_widths_snap_080.png
[d] Line widths: /work/11170/roy/CGM/plots/IllustrisTNG/1P/1P_p2_n1/camel_line_widths_snap_080.png
  Saved: /work/11170/roy/CGM/plots/IllustrisTNG/1P/1P_p2_n1/camel_temp_density_snap_080.png
[e] T-ρ relation: /work/11170/roy/CGM/plots/IllustrisTNG/1P/1P_p2_n1/camel_temp_density_snap_080.png

[7/8] Creating detailed statistics plots...
  [d] Statistics: /work/11170/roy/CGM/plots/IllustrisTNG/1P/1P_p2_n1/camel_statistics_snap_080.png

[8] Creating diagnostic plots from snapshot
----------------------------------------------------------------------
Snapshot file not found (tried snap_080.hdf5)
Skipping diagnostic plots

[9/8] Exporting analysis results...
Saved 7 CSV data files to: /work/11170/roy/CGM/output/analysis/IllustrisTNG/1P/1P_p2_n1/snap-080
Exported analysis data to: /work/11170/roy/CGM/output/analysis/IllustrisTNG/1P/1P_p2_n1/snap-080

======================================================================
COMPREHENSIVE ANALYSIS COMPLETE
======================================================================

Key Results:
Mean flux <F>:           0.9454 ± 0.0005
Effective tau tau_eff:     0.0561 ± 0.0008
Number of absorbers:     450000
CDDF power law β:        2.10
Mean b-parameter:        61.5 ± 22.1 km/s
Implied temperature:     48415 × 10³ K
T_0 (at mean density):    12370 K
gamma (polytropic index):    1.174

Plots saved to: /work/11170/roy/CGM/plots
- Sample spectra
- Flux power spectrum P_F(k)
- Column density distribution f(N_HI)
- Line width distribution b(N_HI)
- Temperature-density relation T(ρ)
- Detailed statistics

Data exported to: /work/11170/roy/CGM/output/analysis/IllustrisTNG/1P/1P_p2_n1/snap-080
- power_spectrum.csv
- cddf.csv
- flux_stats.csv
- flux_pdf.csv
- tau_pdf.csv
- line_widths.csv
- temp_density.csv
======================================================================
[analyze] finished in 00:02:12  (status 0)
TIMING job=3337534 task=37 sim=1P_p2_n1 snap=080 step=analyze status=0 seconds=132 elapsed=00:02:12
[total] 00:02:12
TIMING job=3337534 task=37 sim=1P_p2_n1 snap=080 step=total status=0 seconds=132 elapsed=00:02:12
========================================
1P_p2_n1 snap_080 done: Mon Aug  3 21:26:53 CDT 2026
========================================
