========================================
Task 39: 1P_p2_1 snap_032 on c308-009.ls6.tacc.utexas.edu
Started: Mon Jul 27 10:40:56 CDT 2026
========================================
[1/2] generate: SKIPPED, spectra file exists: spectra/IllustrisTNG/1P/1P_p2_1/camel_lya_spectra_snap_032_n10000.hdf5
[2/2] analyze: spectra/IllustrisTNG/1P/1P_p2_1/camel_lya_spectra_snap_032_n10000.hdf5
======================================================================
ANALYZING LYMAN-ALPHA SPECTRA
======================================================================
Input file: spectra/IllustrisTNG/1P/1P_p2_1/camel_lya_spectra_snap_032_n10000.hdf5
Workers: 1

[1/5] Loading spectra data...
Auto-detected: Lyman-alpha (H I 1215Å)
  Loaded column density data from colden/H/1
  Using fake_spectra's pre-computed column densities for accuracy
Sightlines: 10000
Pixels: 27876
Redshift: z = 2.999

======================================================================
COMPREHENSIVE ANALYSIS
======================================================================

[1/8] Computing basic flux statistics...
Statistics:
========================================
Mean flux:              0.5715
Median flux:            0.6902
Std dev:                0.3304

Effective tau_eff:        0.5594
Mean tau:                 1723.1180
Median tau:               0.3707

Deep absorption:        17.19%
Moderate absorption:    18.15%
Weak absorption:        64.66%

[2/8] Computing effective optical depth tau_eff...
tau_eff = 0.5594 ± 0.0021
Mean transmitted flux <F> = 0.5715
Using velocity spacing from header: 0.1000 km/s/pixel

[3/8] Computing flux power spectrum P_F(k)...
Computed power spectrum with 13939 k-modes
k range: 0.0023 to 31.42 s/km
Mean flux used: 0.5715

[4/8] Computing column density distribution f(N_HI) using simple method...
Simple pixel optical depth method
Identified 27184 absorbers
Absorption path length: dX = 37.25 Mpc (comoving)
Power law index β = 0.59

[4b/8] Computing line width distribution b(N_HI)...
Identified 162169 absorbers with b-parameters
Median b-parameter: 80.0 km/s
Mean b-parameter: 74.2 ± 14.8 km/s
Implied temperature: 70508 × 10³ K

[4c/8] Checking for temperature-density data...
Found temperature and density data - using chunked processing...
Processing T-ρ data: 10,000 sightlines × 27,876 pixels
Using chunk size: 1000
  Processing chunk 1/10 (0-1,000)
  Processing chunk 2/10 (1,000-2,000)
  Processing chunk 3/10 (2,000-3,000)
  Processing chunk 4/10 (3,000-4,000)
  Processing chunk 5/10 (4,000-5,000)
  Processing chunk 6/10 (5,000-6,000)
  Processing chunk 7/10 (6,000-7,000)
  Processing chunk 8/10 (7,000-8,000)
  Processing chunk 9/10 (8,000-9,000)
  Processing chunk 10/10 (9,000-10,000)
  Total valid pixels: 240,481,374
  Valid pixels: 240,481,374
  T_0 (at mean density): 12608 K
  gamma (polytropic index): 1.054

[4d/8] Checking for multi-line data...
Only single line available - skipping multi-line analysis

[5/8] Setting up plots...

[6/8] Creating comprehensive analysis plots...
  Saved: /work/11170/roy/CGM/plots/IllustrisTNG/1P/1P_p2_1/camel_sample_spectra_snap_032.png
[a] Sample spectra: /work/11170/roy/CGM/plots/IllustrisTNG/1P/1P_p2_1/camel_sample_spectra_snap_032.png
  Saved: /work/11170/roy/CGM/plots/IllustrisTNG/1P/1P_p2_1/camel_power_spectrum_snap_032.png
[b] Power spectrum: /work/11170/roy/CGM/plots/IllustrisTNG/1P/1P_p2_1/camel_power_spectrum_snap_032.png
  Saved: /work/11170/roy/CGM/plots/IllustrisTNG/1P/1P_p2_1/camel_cddf_snap_032.png
[c] CDDF: /work/11170/roy/CGM/plots/IllustrisTNG/1P/1P_p2_1/camel_cddf_snap_032.png
  Saved: /work/11170/roy/CGM/plots/IllustrisTNG/1P/1P_p2_1/camel_line_widths_snap_032.png
[d] Line widths: /work/11170/roy/CGM/plots/IllustrisTNG/1P/1P_p2_1/camel_line_widths_snap_032.png
  Saved: /work/11170/roy/CGM/plots/IllustrisTNG/1P/1P_p2_1/camel_temp_density_snap_032.png
[e] T-ρ relation: /work/11170/roy/CGM/plots/IllustrisTNG/1P/1P_p2_1/camel_temp_density_snap_032.png

[7/8] Creating detailed statistics plots...
  [d] Statistics: /work/11170/roy/CGM/plots/IllustrisTNG/1P/1P_p2_1/camel_statistics_snap_032.png

[8] Creating diagnostic plots from snapshot
----------------------------------------------------------------------
Snapshot file not found (tried snap_032.hdf5)
Skipping diagnostic plots

[9/8] Exporting analysis results...
Saved 5 CSV data files to: /work/11170/roy/CGM/output/analysis/IllustrisTNG/1P/1P_p2_1/snap-032
Exported analysis data to: /work/11170/roy/CGM/output/analysis/IllustrisTNG/1P/1P_p2_1/snap-032

======================================================================
COMPREHENSIVE ANALYSIS COMPLETE
======================================================================

Key Results:
Mean flux <F>:           0.5715
Effective tau tau_eff:     0.5594 ± 0.0021
Number of absorbers:     27184
CDDF power law β:        0.59
Mean b-parameter:        74.2 ± 14.8 km/s
Implied temperature:     70508 × 10³ K
T_0 (at mean density):    12608 K
gamma (polytropic index):    1.054

Plots saved to: /work/11170/roy/CGM/plots
- Sample spectra
- Flux power spectrum P_F(k)
- Column density distribution f(N_HI)
- Line width distribution b(N_HI)
- Temperature-density relation T(ρ)
- Detailed statistics

Data exported to: /work/11170/roy/CGM/output/analysis/IllustrisTNG/1P/1P_p2_1/snap-032
- power_spectrum.csv
- cddf.csv
- flux_stats.csv
- line_widths.csv
- temp_density.csv
======================================================================
========================================
1P_p2_1 snap_032 done: Mon Jul 27 10:45:54 CDT 2026
========================================
