========================================
Task 5: 1P_p1_2 snap_014 on c306-022.ls6.tacc.utexas.edu
Started: Mon Jul 27 05:05:55 CDT 2026
========================================
[1/2] generate: SKIPPED, spectra file exists: spectra/IllustrisTNG/1P/1P_p1_2/camel_lya_spectra_snap_014_n10000.hdf5
[2/2] analyze: spectra/IllustrisTNG/1P/1P_p1_2/camel_lya_spectra_snap_014_n10000.hdf5
======================================================================
ANALYZING LYMAN-ALPHA SPECTRA
======================================================================
Input file: spectra/IllustrisTNG/1P/1P_p1_2/camel_lya_spectra_snap_014_n10000.hdf5
Workers: 1

[1/5] Loading spectra data...
Auto-detected: Lyman-alpha (H I 1215Å)
  Loaded column density data from colden/H/1
  Using fake_spectra's pre-computed column densities for accuracy
Sightlines: 10000
Pixels: 46819
Redshift: z = 5.994

======================================================================
COMPREHENSIVE ANALYSIS
======================================================================

[1/8] Computing basic flux statistics...
Statistics:
========================================
Mean flux:              0.0021
Median flux:            0.0000
Std dev:                0.0217

Effective tau_eff:        6.1491
Mean tau:                 3823.2946
Median tau:               32.3093

Deep absorption:        99.54%
Moderate absorption:    0.42%
Weak absorption:        0.05%

[2/8] Computing effective optical depth tau_eff...
tau_eff = 6.1491 ± 0.0116
Mean transmitted flux <F> = 0.0021
Using velocity spacing from header: 0.1000 km/s/pixel

[3/8] Computing flux power spectrum P_F(k)...
Computed power spectrum with 23410 k-modes
k range: 0.0013 to 31.41 s/km
Mean flux used: 0.0021

[4/8] Computing column density distribution f(N_HI) using simple method...
Simple pixel optical depth method
Identified 12807 absorbers
Absorption path length: dX = 37.25 Mpc (comoving)
Power law index β = -0.37

[4b/8] Computing line width distribution b(N_HI)...
Identified 1451104 absorbers with b-parameters
Median b-parameter: 80.0 km/s
Mean b-parameter: 80.0 ± 0.8 km/s
Implied temperature: 81892 × 10³ K

[4c/8] Checking for temperature-density data...
Found temperature and density data - using chunked processing...
Processing T-ρ data: 10,000 sightlines × 46,819 pixels
Using chunk size: 1000
  Processing chunk 1/10 (0-1,000)
  Processing chunk 2/10 (1,000-2,000)
  Processing chunk 3/10 (2,000-3,000)
  Processing chunk 4/10 (3,000-4,000)
  Processing chunk 5/10 (4,000-5,000)
  Processing chunk 6/10 (5,000-6,000)
  Processing chunk 7/10 (6,000-7,000)
  Processing chunk 8/10 (7,000-8,000)
  Processing chunk 9/10 (8,000-9,000)
  Processing chunk 10/10 (9,000-10,000)
  Total valid pixels: 468,161,285
  Valid pixels: 468,161,285
  T_0 (at mean density): 2142 K
  gamma (polytropic index): 1.282

[4d/8] Checking for multi-line data...
Only single line available - skipping multi-line analysis

[5/8] Setting up plots...

[6/8] Creating comprehensive analysis plots...
  Saved: /work/11170/roy/CGM/plots/IllustrisTNG/1P/1P_p1_2/camel_sample_spectra_snap_014.png
[a] Sample spectra: /work/11170/roy/CGM/plots/IllustrisTNG/1P/1P_p1_2/camel_sample_spectra_snap_014.png
  Saved: /work/11170/roy/CGM/plots/IllustrisTNG/1P/1P_p1_2/camel_power_spectrum_snap_014.png
[b] Power spectrum: /work/11170/roy/CGM/plots/IllustrisTNG/1P/1P_p1_2/camel_power_spectrum_snap_014.png
  Saved: /work/11170/roy/CGM/plots/IllustrisTNG/1P/1P_p1_2/camel_cddf_snap_014.png
[c] CDDF: /work/11170/roy/CGM/plots/IllustrisTNG/1P/1P_p1_2/camel_cddf_snap_014.png
  Saved: /work/11170/roy/CGM/plots/IllustrisTNG/1P/1P_p1_2/camel_line_widths_snap_014.png
[d] Line widths: /work/11170/roy/CGM/plots/IllustrisTNG/1P/1P_p1_2/camel_line_widths_snap_014.png
  Saved: /work/11170/roy/CGM/plots/IllustrisTNG/1P/1P_p1_2/camel_temp_density_snap_014.png
[e] T-ρ relation: /work/11170/roy/CGM/plots/IllustrisTNG/1P/1P_p1_2/camel_temp_density_snap_014.png

[7/8] Creating detailed statistics plots...
  [d] Statistics: /work/11170/roy/CGM/plots/IllustrisTNG/1P/1P_p1_2/camel_statistics_snap_014.png

[8] Creating diagnostic plots from snapshot
----------------------------------------------------------------------
Snapshot file not found (tried snap_014.hdf5)
Skipping diagnostic plots

[9/8] Exporting analysis results...
Saved 5 CSV data files to: /work/11170/roy/CGM/output/analysis/IllustrisTNG/1P/1P_p1_2/snap-014
Exported analysis data to: /work/11170/roy/CGM/output/analysis/IllustrisTNG/1P/1P_p1_2/snap-014

======================================================================
COMPREHENSIVE ANALYSIS COMPLETE
======================================================================

Key Results:
Mean flux <F>:           0.0021
Effective tau tau_eff:     6.1491 ± 0.0116
Number of absorbers:     12807
CDDF power law β:        -0.37
Mean b-parameter:        80.0 ± 0.8 km/s
Implied temperature:     81892 × 10³ K
T_0 (at mean density):    2142 K
gamma (polytropic index):    1.282

Plots saved to: /work/11170/roy/CGM/plots
- Sample spectra
- Flux power spectrum P_F(k)
- Column density distribution f(N_HI)
- Line width distribution b(N_HI)
- Temperature-density relation T(ρ)
- Detailed statistics

Data exported to: /work/11170/roy/CGM/output/analysis/IllustrisTNG/1P/1P_p1_2/snap-014
- power_spectrum.csv
- cddf.csv
- flux_stats.csv
- line_widths.csv
- temp_density.csv
======================================================================
========================================
1P_p1_2 snap_014 done: Mon Jul 27 08:59:54 CDT 2026
========================================
