========================================
Task 45: 1P_p1_2 snap_044 on c306-007.ls6.tacc.utexas.edu
Started: Mon Jul 27 10:48:39 CDT 2026
========================================
[1/2] generate: SKIPPED, spectra file exists: spectra/IllustrisTNG/1P/1P_p1_2/camel_lya_spectra_snap_044_n10000.hdf5
[2/2] analyze: spectra/IllustrisTNG/1P/1P_p1_2/camel_lya_spectra_snap_044_n10000.hdf5
======================================================================
ANALYZING LYMAN-ALPHA SPECTRA
======================================================================
Input file: spectra/IllustrisTNG/1P/1P_p1_2/camel_lya_spectra_snap_044_n10000.hdf5
Workers: 1

[1/5] Loading spectra data...
Auto-detected: Lyman-alpha (H I 1215Å)
  Loaded column density data from colden/H/1
  Using fake_spectra's pre-computed column densities for accuracy
Sightlines: 10000
Pixels: 31189
Redshift: z = 2.002

======================================================================
COMPREHENSIVE ANALYSIS
======================================================================

[1/8] Computing basic flux statistics...
Statistics:
========================================
Mean flux:              0.8374
Median flux:            0.9613
Std dev:                0.2602

Effective tau_eff:        0.1775
Mean tau:                 1457.6470
Median tau:               0.0394

Deep absorption:        4.66%
Moderate absorption:    7.02%
Weak absorption:        88.32%

[2/8] Computing effective optical depth tau_eff...
tau_eff = 0.1775 ± 0.0017
Mean transmitted flux <F> = 0.8374
Using velocity spacing from header: 0.1000 km/s/pixel

[3/8] Computing flux power spectrum P_F(k)...
Computed power spectrum with 15595 k-modes
k range: 0.0020 to 31.41 s/km
Mean flux used: 0.8374

[4/8] Computing column density distribution f(N_HI) using simple method...
Simple pixel optical depth method
Identified 8964 absorbers
Absorption path length: dX = 37.25 Mpc (comoving)
Power law index β = 0.57

[4b/8] Computing line width distribution b(N_HI)...
Identified 67692 absorbers with b-parameters
Median b-parameter: 79.0 km/s
Mean b-parameter: 65.2 ± 20.5 km/s
Implied temperature: 54447 × 10³ K

[4c/8] Checking for temperature-density data...
Found temperature and density data - using chunked processing...
Processing T-ρ data: 10,000 sightlines × 31,189 pixels
Using chunk size: 1000
  Processing chunk 1/10 (0-1,000)
  Processing chunk 2/10 (1,000-2,000)
  Processing chunk 3/10 (2,000-3,000)
  Processing chunk 4/10 (3,000-4,000)
  Processing chunk 5/10 (4,000-5,000)
  Processing chunk 6/10 (5,000-6,000)
  Processing chunk 7/10 (6,000-7,000)
  Processing chunk 8/10 (7,000-8,000)
  Processing chunk 9/10 (8,000-9,000)
  Processing chunk 10/10 (9,000-10,000)
  Total valid pixels: 103,722,543
  Valid pixels: 103,722,543
  T_0 (at mean density): 18922 K
  gamma (polytropic index): 1.046

[4d/8] Checking for multi-line data...
Only single line available - skipping multi-line analysis

[5/8] Setting up plots...

[6/8] Creating comprehensive analysis plots...
  Saved: /work/11170/roy/CGM/plots/IllustrisTNG/1P/1P_p1_2/camel_sample_spectra_snap_044.png
[a] Sample spectra: /work/11170/roy/CGM/plots/IllustrisTNG/1P/1P_p1_2/camel_sample_spectra_snap_044.png
  Saved: /work/11170/roy/CGM/plots/IllustrisTNG/1P/1P_p1_2/camel_power_spectrum_snap_044.png
[b] Power spectrum: /work/11170/roy/CGM/plots/IllustrisTNG/1P/1P_p1_2/camel_power_spectrum_snap_044.png
  Saved: /work/11170/roy/CGM/plots/IllustrisTNG/1P/1P_p1_2/camel_cddf_snap_044.png
[c] CDDF: /work/11170/roy/CGM/plots/IllustrisTNG/1P/1P_p1_2/camel_cddf_snap_044.png
  Saved: /work/11170/roy/CGM/plots/IllustrisTNG/1P/1P_p1_2/camel_line_widths_snap_044.png
[d] Line widths: /work/11170/roy/CGM/plots/IllustrisTNG/1P/1P_p1_2/camel_line_widths_snap_044.png
  Saved: /work/11170/roy/CGM/plots/IllustrisTNG/1P/1P_p1_2/camel_temp_density_snap_044.png
[e] T-ρ relation: /work/11170/roy/CGM/plots/IllustrisTNG/1P/1P_p1_2/camel_temp_density_snap_044.png

[7/8] Creating detailed statistics plots...
  [d] Statistics: /work/11170/roy/CGM/plots/IllustrisTNG/1P/1P_p1_2/camel_statistics_snap_044.png

[8] Creating diagnostic plots from snapshot
----------------------------------------------------------------------
Snapshot file not found (tried snap_044.hdf5)
Skipping diagnostic plots

[9/8] Exporting analysis results...
Saved 5 CSV data files to: /work/11170/roy/CGM/output/analysis/IllustrisTNG/1P/1P_p1_2/snap-044
Exported analysis data to: /work/11170/roy/CGM/output/analysis/IllustrisTNG/1P/1P_p1_2/snap-044

======================================================================
COMPREHENSIVE ANALYSIS COMPLETE
======================================================================

Key Results:
Mean flux <F>:           0.8374
Effective tau tau_eff:     0.1775 ± 0.0017
Number of absorbers:     8964
CDDF power law β:        0.57
Mean b-parameter:        65.2 ± 20.5 km/s
Implied temperature:     54447 × 10³ K
T_0 (at mean density):    18922 K
gamma (polytropic index):    1.046

Plots saved to: /work/11170/roy/CGM/plots
- Sample spectra
- Flux power spectrum P_F(k)
- Column density distribution f(N_HI)
- Line width distribution b(N_HI)
- Temperature-density relation T(ρ)
- Detailed statistics

Data exported to: /work/11170/roy/CGM/output/analysis/IllustrisTNG/1P/1P_p1_2/snap-044
- power_spectrum.csv
- cddf.csv
- flux_stats.csv
- line_widths.csv
- temp_density.csv
======================================================================
========================================
1P_p1_2 snap_044 done: Mon Jul 27 10:52:08 CDT 2026
========================================
