========================================
Task 36: 1P_p2_n2 snap_032 on c311-072.ls6.tacc.utexas.edu
Started: Mon Jul 27 10:39:04 CDT 2026
========================================
[1/2] generate: SKIPPED, spectra file exists: spectra/IllustrisTNG/1P/1P_p2_n2/camel_lya_spectra_snap_032_n10000.hdf5
[2/2] analyze: spectra/IllustrisTNG/1P/1P_p2_n2/camel_lya_spectra_snap_032_n10000.hdf5
======================================================================
ANALYZING LYMAN-ALPHA SPECTRA
======================================================================
Input file: spectra/IllustrisTNG/1P/1P_p2_n2/camel_lya_spectra_snap_032_n10000.hdf5
Workers: 1

[1/5] Loading spectra data...
Auto-detected: Lyman-alpha (H I 1215Å)
  Loaded column density data from colden/H/1
  Using fake_spectra's pre-computed column densities for accuracy
Sightlines: 10000
Pixels: 27876
Redshift: z = 2.999

======================================================================
COMPREHENSIVE ANALYSIS
======================================================================

[1/8] Computing basic flux statistics...
Statistics:
========================================
Mean flux:              0.4799
Median flux:            0.5453
Std dev:                0.3087

Effective tau_eff:        0.7341
Mean tau:                 782.6889
Median tau:               0.6063

Deep absorption:        20.14%
Moderate absorption:    25.86%
Weak absorption:        54.00%

[2/8] Computing effective optical depth tau_eff...
tau_eff = 0.7341 ± 0.0017
Mean transmitted flux <F> = 0.4799
Using velocity spacing from header: 0.1000 km/s/pixel

[3/8] Computing flux power spectrum P_F(k)...
Computed power spectrum with 13939 k-modes
k range: 0.0023 to 31.42 s/km
Mean flux used: 0.4799

[4/8] Computing column density distribution f(N_HI) using simple method...
Simple pixel optical depth method
Identified 31722 absorbers
Absorption path length: dX = 37.25 Mpc (comoving)
Power law index β = 0.66

[4b/8] Computing line width distribution b(N_HI)...
Identified 224502 absorbers with b-parameters
Median b-parameter: 80.0 km/s
Mean b-parameter: 77.3 ± 11.0 km/s
Implied temperature: 76504 × 10³ K

[4c/8] Checking for temperature-density data...
Found temperature and density data - using chunked processing...
Processing T-ρ data: 10,000 sightlines × 27,876 pixels
Using chunk size: 1000
  Processing chunk 1/10 (0-1,000)
  Processing chunk 2/10 (1,000-2,000)
  Processing chunk 3/10 (2,000-3,000)
  Processing chunk 4/10 (3,000-4,000)
  Processing chunk 5/10 (4,000-5,000)
  Processing chunk 6/10 (5,000-6,000)
  Processing chunk 7/10 (6,000-7,000)
  Processing chunk 8/10 (7,000-8,000)
  Processing chunk 9/10 (8,000-9,000)
  Processing chunk 10/10 (9,000-10,000)
  Total valid pixels: 270,482,302
  Valid pixels: 270,482,302
  T_0 (at mean density): 14099 K
  gamma (polytropic index): 1.027

[4d/8] Checking for multi-line data...
Only single line available - skipping multi-line analysis

[5/8] Setting up plots...

[6/8] Creating comprehensive analysis plots...
  Saved: /work/11170/roy/CGM/plots/IllustrisTNG/1P/1P_p2_n2/camel_sample_spectra_snap_032.png
[a] Sample spectra: /work/11170/roy/CGM/plots/IllustrisTNG/1P/1P_p2_n2/camel_sample_spectra_snap_032.png
  Saved: /work/11170/roy/CGM/plots/IllustrisTNG/1P/1P_p2_n2/camel_power_spectrum_snap_032.png
[b] Power spectrum: /work/11170/roy/CGM/plots/IllustrisTNG/1P/1P_p2_n2/camel_power_spectrum_snap_032.png
  Saved: /work/11170/roy/CGM/plots/IllustrisTNG/1P/1P_p2_n2/camel_cddf_snap_032.png
[c] CDDF: /work/11170/roy/CGM/plots/IllustrisTNG/1P/1P_p2_n2/camel_cddf_snap_032.png
  Saved: /work/11170/roy/CGM/plots/IllustrisTNG/1P/1P_p2_n2/camel_line_widths_snap_032.png
[d] Line widths: /work/11170/roy/CGM/plots/IllustrisTNG/1P/1P_p2_n2/camel_line_widths_snap_032.png
  Saved: /work/11170/roy/CGM/plots/IllustrisTNG/1P/1P_p2_n2/camel_temp_density_snap_032.png
[e] T-ρ relation: /work/11170/roy/CGM/plots/IllustrisTNG/1P/1P_p2_n2/camel_temp_density_snap_032.png

[7/8] Creating detailed statistics plots...
  [d] Statistics: /work/11170/roy/CGM/plots/IllustrisTNG/1P/1P_p2_n2/camel_statistics_snap_032.png

[8] Creating diagnostic plots from snapshot
----------------------------------------------------------------------
Snapshot file not found (tried snap_032.hdf5)
Skipping diagnostic plots

[9/8] Exporting analysis results...
Saved 5 CSV data files to: /work/11170/roy/CGM/output/analysis/IllustrisTNG/1P/1P_p2_n2/snap-032
Exported analysis data to: /work/11170/roy/CGM/output/analysis/IllustrisTNG/1P/1P_p2_n2/snap-032

======================================================================
COMPREHENSIVE ANALYSIS COMPLETE
======================================================================

Key Results:
Mean flux <F>:           0.4799
Effective tau tau_eff:     0.7341 ± 0.0017
Number of absorbers:     31722
CDDF power law β:        0.66
Mean b-parameter:        77.3 ± 11.0 km/s
Implied temperature:     76504 × 10³ K
T_0 (at mean density):    14099 K
gamma (polytropic index):    1.027

Plots saved to: /work/11170/roy/CGM/plots
- Sample spectra
- Flux power spectrum P_F(k)
- Column density distribution f(N_HI)
- Line width distribution b(N_HI)
- Temperature-density relation T(ρ)
- Detailed statistics

Data exported to: /work/11170/roy/CGM/output/analysis/IllustrisTNG/1P/1P_p2_n2/snap-032
- power_spectrum.csv
- cddf.csv
- flux_stats.csv
- line_widths.csv
- temp_density.csv
======================================================================
========================================
1P_p2_n2 snap_032 done: Mon Jul 27 10:46:32 CDT 2026
========================================
